ERC report (2026-10-07T19:56:32, Encoding UTF8)
Report includes: Errors, Warnings, Exclusions

***** Sheet /
[power_pin_not_driven]: Input Power pin not driven by any Output Power pins
    ; error
    @(6900 mils, 3550 mils): Symbol #PWR01 Pin 1 [Alimentação de entrada, Linha]
[power_pin_not_driven]: Input Power pin not driven by any Output Power pins
    ; error
    @(6900 mils, 5850 mils): Symbol #PWR03 Pin 1 [Alimentação de entrada, Linha]
[power_pin_not_driven]: Input Power pin not driven by any Output Power pins
    ; error
    @(7950 mils, 5150 mils): Symbol #PWR012 Pin 1 [Alimentação de entrada, Linha]
[unannotated]: Item não anotado: BATTERY_1S?
    ; error
    @(8600 mils, 4550 mils): Symbol BATTERY_1S [Conn_01x02]
[multiple_net_names]: Ambos os GND e TP_OUT- estão ligados aos mesmos itens; o GND será utilizado na netlist
    ; warning
    @(5650 mils, 2900 mils): Symbol #PWR06 Pin 1 [Alimentação de entrada, Linha]
    @(8300 mils, 4000 mils): Label 'TP_OUT-'

 ** ERC messages: 5  Errors 4  Warnings 1

 ** Ignored checks:
    - Global label only appears once in the schematic
    - Four connection points are joined together
    - SPICE model issue
    - Assigned footprint doesn't match footprint filters
